--------------------------------------------------------------------------------------
Timing Analyzer Summary
--------------------------------------------------------------------------------------

Type           : Worst-case tsu
Slack          : N/A
Required Time  : None
Actual Time    : 11.300 ns
From           : I_VME_AM[3]
To             : R_INTMSK[6]
From Clock     : --
To Clock       : I_CLK_32M
Failed Paths   : 0

Type           : Worst-case tco
Slack          : N/A
Required Time  : None
Actual Time    : 16.100 ns
From           : R_ADDR[12]
To             : VME_D[12]
From Clock     : I_CLK_32M
To Clock       : --
Failed Paths   : 0

Type           : Worst-case tpd
Slack          : N/A
Required Time  : None
Actual Time    : 20.600 ns
From           : I_VME_AM[3]
To             : VME_D[12]
From Clock     : --
To Clock       : --
Failed Paths   : 0

Type           : Worst-case th
Slack          : N/A
Required Time  : None
Actual Time    : -0.500 ns
From           : I_VME_A[1]
To             : R_ADDR[1]
From Clock     : --
To Clock       : I_CLK_32M
Failed Paths   : 0

Type           : Clock Setup: 'I_CLK_32M'
Slack          : N/A
Required Time  : None
Actual Time    : 149.25 MHz ( period = 6.700 ns )
From           : R_ADDR[12]
To             : R_INTMSK[6]
From Clock     : I_CLK_32M
To Clock       : I_CLK_32M
Failed Paths   : 0

Type           : Total number of failed paths
Slack          : 
Required Time  : 
Actual Time    : 
From           : 
To             : 
From Clock     : 
To Clock       : 
Failed Paths   : 0

--------------------------------------------------------------------------------------

