Analysis & Elaboration report for EA4163
Sat Nov 21 01:36:54 2020
Quartus II Version 9.0 Build 235 06/17/2009 Service Pack 2 SJ Web Edition


---------------------
; Table of Contents ;
---------------------
  1. Legal Notice
  2. Analysis & Elaboration Summary
  3. Analysis & Elaboration Settings
  4. Port Connectivity Checks: "eafmtds:eafmtdsin_25_32"
  5. Port Connectivity Checks: "eacmdds:eacmdds"
  6. Port Connectivity Checks: "vmemux:vmemux"
  7. Port Connectivity Checks: "vmeds:vmeds"
  8. Analysis & Elaboration Messages
  9. Analysis & Elaboration Suppressed Messages



----------------
; Legal Notice ;
----------------
Copyright (C) 1991-2009 Altera Corporation
Your use of Altera Corporation's design tools, logic functions 
and other software and tools, and its AMPP partner logic 
functions, and any output files from any of the foregoing 
(including device programming or simulation files), and any 
associated documentation or information are expressly subject 
to the terms and conditions of the Altera Program License 
Subscription Agreement, Altera MegaCore Function License 
Agreement, or other applicable license agreement, including, 
without limitation, that your use is for the sole purpose of 
programming logic devices manufactured by Altera and sold by 
Altera or its authorized distributors.  Please refer to the 
applicable agreement for further details.



+------------------------------------------------------------------------------+
; Analysis & Elaboration Summary                                               ;
+-------------------------------+----------------------------------------------+
; Analysis & Elaboration Status ; Successful - Sat Nov 21 01:36:54 2020        ;
; Quartus II Version            ; 9.0 Build 235 06/17/2009 SP 2 SJ Web Edition ;
; Revision Name                 ; EA4163                                       ;
; Top-level Entity Name         ; EA4163                                       ;
; Family                        ; FLEX10KE                                     ;
+-------------------------------+----------------------------------------------+


+--------------------------------------------------------------------------------------------------+
; Analysis & Elaboration Settings                                                                  ;
+--------------------------------------------------------------+-------------------+---------------+
; Option                                                       ; Setting           ; Default Value ;
+--------------------------------------------------------------+-------------------+---------------+
; Device                                                       ; EPF10K200SRC240-1 ;               ;
; Top-level entity name                                        ; EA4163            ; EA4163        ;
; Family name                                                  ; FLEX10KE          ; Stratix II    ;
; Optimization Technique                                       ; Speed             ; Area          ;
; Type of Retiming Performed During Resynthesis                ; Full              ;               ;
; Resynthesis Optimization Effort                              ; Normal            ;               ;
; Physical Synthesis Level for Resynthesis                     ; Normal            ;               ;
; Use Generated Physical Constraints File                      ; On                ;               ;
; Use smart compilation                                        ; Off               ; Off           ;
; Create Debugging Nodes for IP Cores                          ; Off               ; Off           ;
; Preserve fewer node names                                    ; On                ; On            ;
; Disable OpenCore Plus hardware evaluation                    ; Off               ; Off           ;
; Verilog Version                                              ; Verilog_2001      ; Verilog_2001  ;
; VHDL Version                                                 ; VHDL93            ; VHDL93        ;
; State Machine Processing                                     ; Auto              ; Auto          ;
; Safe State Machine                                           ; Off               ; Off           ;
; Extract Verilog State Machines                               ; On                ; On            ;
; Extract VHDL State Machines                                  ; On                ; On            ;
; Ignore Verilog initial constructs                            ; Off               ; Off           ;
; Iteration limit for constant Verilog loops                   ; 5000              ; 5000          ;
; Iteration limit for non-constant Verilog loops               ; 250               ; 250           ;
; Add Pass-Through Logic to Inferred RAMs                      ; On                ; On            ;
; Parallel Synthesis                                           ; Off               ; Off           ;
; NOT Gate Push-Back                                           ; On                ; On            ;
; Power-Up Don't Care                                          ; On                ; On            ;
; Remove Redundant Logic Cells                                 ; Off               ; Off           ;
; Remove Duplicate Registers                                   ; On                ; On            ;
; Ignore CARRY Buffers                                         ; Off               ; Off           ;
; Ignore CASCADE Buffers                                       ; Off               ; Off           ;
; Ignore GLOBAL Buffers                                        ; Off               ; Off           ;
; Ignore ROW GLOBAL Buffers                                    ; Off               ; Off           ;
; Ignore LCELL Buffers                                         ; Off               ; Off           ;
; Ignore SOFT Buffers                                          ; On                ; On            ;
; Limit AHDL Integers to 32 Bits                               ; Off               ; Off           ;
; Auto Implement in ROM                                        ; Off               ; Off           ;
; Carry Chain Length                                           ; 32                ; 32            ;
; Cascade Chain Length                                         ; 2                 ; 2             ;
; Auto Carry Chains                                            ; On                ; On            ;
; Auto Open-Drain Pins                                         ; On                ; On            ;
; Auto ROM Replacement                                         ; On                ; On            ;
; Auto RAM Replacement                                         ; On                ; On            ;
; Auto Clock Enable Replacement                                ; On                ; On            ;
; Strict RAM Replacement                                       ; Off               ; Off           ;
; Auto Resource Sharing                                        ; Off               ; Off           ;
; Allow Any RAM Size For Recognition                           ; Off               ; Off           ;
; Allow Any ROM Size For Recognition                           ; Off               ; Off           ;
; Use LogicLock Constraints during Resource Balancing          ; On                ; On            ;
; Ignore translate_off and synthesis_off directives            ; Off               ; Off           ;
; Show Parameter Settings Tables in Synthesis Report           ; On                ; On            ;
; HDL message level                                            ; Level2            ; Level2        ;
; Suppress Register Optimization Related Messages              ; Off               ; Off           ;
; Number of Removed Registers Reported in Synthesis Report     ; 100               ; 100           ;
; Number of Inverted Registers Reported in Synthesis Report    ; 100               ; 100           ;
; Block Design Naming                                          ; Auto              ; Auto          ;
; Synthesis Effort                                             ; Auto              ; Auto          ;
; Shift Register Replacement - Allow Asynchronous Clear Signal ; On                ; On            ;
; Analysis & Synthesis Message Level                           ; Medium            ; Medium        ;
+--------------------------------------------------------------+-------------------+---------------+


+-----------------------------------------------------------------------------------------------------------------+
; Port Connectivity Checks: "eafmtds:eafmtdsin_25_32"                                                             ;
+-------+--------+----------+-------------------------------------------------------------------------------------+
; Port  ; Type   ; Severity ; Details                                                                             ;
+-------+--------+----------+-------------------------------------------------------------------------------------+
; FMTCH ; Output ; Info     ; Connected to dangling logic. Logic that only feeds a dangling port will be removed. ;
+-------+--------+----------+-------------------------------------------------------------------------------------+


+------------------------------------------------------------------------------------------------------------------+
; Port Connectivity Checks: "eacmdds:eacmdds"                                                                      ;
+--------+--------+----------+-------------------------------------------------------------------------------------+
; Port   ; Type   ; Severity ; Details                                                                             ;
+--------+--------+----------+-------------------------------------------------------------------------------------+
; inchen ; Output ; Info     ; Connected to dangling logic. Logic that only feeds a dangling port will be removed. ;
+--------+--------+----------+-------------------------------------------------------------------------------------+


+-----------------------------------------------------------------------------------------------------------------------------------------------------------------------------------+
; Port Connectivity Checks: "vmemux:vmemux"                                                                                                                                         ;
+-----------------+-------+----------+----------------------------------------------------------------------------------------------------------------------------------------------+
; Port            ; Type  ; Severity ; Details                                                                                                                                      ;
+-----------------+-------+----------+----------------------------------------------------------------------------------------------------------------------------------------------+
; DATA7CA4[10..0] ; Input ; Info     ; Stuck at GND                                                                                                                                 ;
; DATA7CA4[15]    ; Input ; Info     ; Stuck at VCC                                                                                                                                 ;
; DATA7CA4[14]    ; Input ; Info     ; Stuck at GND                                                                                                                                 ;
; DATA7CA4[13]    ; Input ; Info     ; Stuck at VCC                                                                                                                                 ;
; DATA7CA4[12]    ; Input ; Info     ; Stuck at GND                                                                                                                                 ;
; DATA7CA4[11]    ; Input ; Info     ; Stuck at VCC                                                                                                                                 ;
; DATA7CA2        ; Input ; Warning  ; Declared by entity but not connected by instance. If a default value exists, it will be used.  Otherwise, the port will be connected to GND. ;
+-----------------+-------+----------+----------------------------------------------------------------------------------------------------------------------------------------------+


+-----------------------------------------------------------------------------------------------------------------------------------------+
; Port Connectivity Checks: "vmeds:vmeds"                                                                                                 ;
+----------+--------+----------+----------------------------------------------------------------------------------------------------------+
; Port     ; Type   ; Severity ; Details                                                                                                  ;
+----------+--------+----------+----------------------------------------------------------------------------------------------------------+
; addr7C8C ; Output ; Warning  ; Declared by entity but not connected by instance. Logic that only feeds a dangling port will be removed. ;
; addr7C8E ; Output ; Warning  ; Declared by entity but not connected by instance. Logic that only feeds a dangling port will be removed. ;
; addr7C90 ; Output ; Warning  ; Declared by entity but not connected by instance. Logic that only feeds a dangling port will be removed. ;
+----------+--------+----------+----------------------------------------------------------------------------------------------------------+


+---------------------------------+
; Analysis & Elaboration Messages ;
+---------------------------------+
Info: *******************************************************************
Info: Running Quartus II Analysis & Elaboration
    Info: Version 9.0 Build 235 06/17/2009 Service Pack 2 SJ Web Edition
    Info: Processing started: Sat Nov 21 01:36:53 2020
Info: Command: quartus_map --read_settings_files=on --write_settings_files=off EA4163 -c EA4163 --analysis_and_elaboration
Info: Found 1 design units, including 1 entities, in source file VME/vmemux.v
    Info: Found entity 1: vmemux
Warning (10275): Verilog HDL Module Instantiation warning at EA4163.v(288): ignored dangling comma in List of Port Connections
Info: Found 1 design units, including 1 entities, in source file EA4163.v
    Info: Found entity 1: EA4163
Info: Found 1 design units, including 1 entities, in source file VME/vmeds.v
    Info: Found entity 1: vmeds
Info: Found 1 design units, including 1 entities, in source file EA4163/eacmdds.v
    Info: Found entity 1: eacmdds
Info: Found 1 design units, including 1 entities, in source file EA4163/eafmtds.v
    Info: Found entity 1: eafmtds
Warning (10236): Verilog HDL Implicit Net warning at EA4163.v(141): created implicit net for "KL_VME"
Warning (10236): Verilog HDL Implicit Net warning at EA4163.v(142): created implicit net for "OUTPUTS_EN"
Warning (10236): Verilog HDL Implicit Net warning at EA4163.v(144): created implicit net for "LED_DISABLE"
Info: Elaborating entity "EA4163" for the top level hierarchy
Warning (10036): Verilog HDL or VHDL warning at EA4163.v(141): object "KL_VME" assigned a value but never read
Warning (10036): Verilog HDL or VHDL warning at EA4163.v(142): object "OUTPUTS_EN" assigned a value but never read
Warning (10036): Verilog HDL or VHDL warning at EA4163.v(144): object "LED_DISABLE" assigned a value but never read
Warning (10858): Verilog HDL warning at EA4163.v(107): object addr7C8C used but never assigned
Warning (10858): Verilog HDL warning at EA4163.v(108): object addr7C8E used but never assigned
Warning (10858): Verilog HDL warning at EA4163.v(109): object addr7C90 used but never assigned
Warning (10036): Verilog HDL or VHDL warning at EA4163.v(135): object "AMOD" assigned a value but never read
Warning (10036): Verilog HDL or VHDL warning at EA4163.v(137): object "STATUSID" assigned a value but never read
Warning (10036): Verilog HDL or VHDL warning at EA4163.v(207): object "R_SLFTST" assigned a value but never read
Warning (10034): Output port "O_VME_IRQ" at EA4163.v(63) has no driver
Warning (10034): Output port "O_VME_IACK_OUT" at EA4163.v(64) has no driver
Warning (10034): Output port "O_VME_BERR" at EA4163.v(65) has no driver
Warning (10034): Output port "O_KL_VME" at EA4163.v(66) has no driver
Warning (10034): Output port "O_RD_BUF_EN" at EA4163.v(67) has no driver
Warning (10034): Output port "O_WR_BUF_EN" at EA4163.v(68) has no driver
Warning (10034): Output port "O_LED_DISABLE" at EA4163.v(69) has no driver
Warning (10034): Output port "O_OUTPUTS_EN" at EA4163.v(70) has no driver
Warning (10034): Output port "O_MUX_1_8_EN" at EA4163.v(74) has no driver
Warning (10034): Output port "O_MUX_9_16_EN" at EA4163.v(75) has no driver
Warning (10034): Output port "O_MUX_17_24_EN" at EA4163.v(76) has no driver
Warning (10034): Output port "O_MUX_A_0" at EA4163.v(77) has no driver
Warning (10034): Output port "O_MUX_A_1" at EA4163.v(78) has no driver
Warning (10034): Output port "O_MUX_A_2" at EA4163.v(79) has no driver
Warning (10034): Output port "O_VME_DTACK_D" at EA4163.v(86) has no driver
Warning (10034): Output port "O_VME_DTACK_EN" at EA4163.v(87) has no driver
Warning (10030): Net "addr7C8C" at EA4163.v(107) has no driver or initial value, using a default initial value '0'
Warning (10030): Net "addr7C8E" at EA4163.v(108) has no driver or initial value, using a default initial value '0'
Warning (10030): Net "addr7C90" at EA4163.v(109) has no driver or initial value, using a default initial value '0'
Info: Elaborating entity "vmeds" for hierarchy "vmeds:vmeds"
Info: Elaborating entity "vmemux" for hierarchy "vmemux:vmemux"
Info: Elaborating entity "eacmdds" for hierarchy "eacmdds:eacmdds"
Info: Elaborating entity "eafmtds" for hierarchy "eafmtds:eafmtdsin_1_8"
Warning: Net is missing source, defaulting to GND
    Warning (12110): Net "muxa0" is missing source, defaulting to GND
    Warning (12110): Net "muxa1" is missing source, defaulting to GND
    Warning (12110): Net "muxa2" is missing source, defaulting to GND
Warning: Net is missing source, defaulting to GND
    Warning (12110): Net "muxa0" is missing source, defaulting to GND
    Warning (12110): Net "muxa1" is missing source, defaulting to GND
    Warning (12110): Net "muxa2" is missing source, defaulting to GND
Warning: Net is missing source, defaulting to GND
    Warning (12110): Net "muxa0" is missing source, defaulting to GND
    Warning (12110): Net "muxa1" is missing source, defaulting to GND
    Warning (12110): Net "muxa2" is missing source, defaulting to GND
    Warning (12110): Net "R_FMTIN_1_8[15]" is missing source, defaulting to GND
    Warning (12110): Net "R_FMTIN_1_8[14]" is missing source, defaulting to GND
    Warning (12110): Net "R_FMTIN_1_8[13]" is missing source, defaulting to GND
    Warning (12110): Net "R_FMTIN_1_8[12]" is missing source, defaulting to GND
    Warning (12110): Net "R_FMTIN_1_8[11]" is missing source, defaulting to GND
    Warning (12110): Net "R_FMTIN_1_8[10]" is missing source, defaulting to GND
    Warning (12110): Net "R_FMTIN_1_8[9]" is missing source, defaulting to GND
    Warning (12110): Net "R_FMTIN_1_8[8]" is missing source, defaulting to GND
    Warning (12110): Net "R_FMTIN_1_8[7]" is missing source, defaulting to GND
    Warning (12110): Net "R_FMTIN_1_8[6]" is missing source, defaulting to GND
    Warning (12110): Net "R_FMTIN_1_8[5]" is missing source, defaulting to GND
    Warning (12110): Net "R_FMTIN_1_8[4]" is missing source, defaulting to GND
    Warning (12110): Net "R_FMTIN_1_8[3]" is missing source, defaulting to GND
    Warning (12110): Net "R_FMTIN_1_8[2]" is missing source, defaulting to GND
    Warning (12110): Net "R_FMTIN_1_8[1]" is missing source, defaulting to GND
    Warning (12110): Net "R_FMTIN_1_8[0]" is missing source, defaulting to GND
    Warning (12110): Net "R_FMTIN_9_16[15]" is missing source, defaulting to GND
    Warning (12110): Net "R_FMTIN_9_16[14]" is missing source, defaulting to GND
    Warning (12110): Net "R_FMTIN_9_16[13]" is missing source, defaulting to GND
    Warning (12110): Net "R_FMTIN_9_16[12]" is missing source, defaulting to GND
    Warning (12110): Net "R_FMTIN_9_16[11]" is missing source, defaulting to GND
    Warning (12110): Net "R_FMTIN_9_16[10]" is missing source, defaulting to GND
    Warning (12110): Net "R_FMTIN_9_16[9]" is missing source, defaulting to GND
    Warning (12110): Net "R_FMTIN_9_16[8]" is missing source, defaulting to GND
    Warning (12110): Net "R_FMTIN_9_16[7]" is missing source, defaulting to GND
    Warning (12110): Net "R_FMTIN_9_16[6]" is missing source, defaulting to GND
    Warning (12110): Net "R_FMTIN_9_16[5]" is missing source, defaulting to GND
    Warning (12110): Net "R_FMTIN_9_16[4]" is missing source, defaulting to GND
    Warning (12110): Net "R_FMTIN_9_16[3]" is missing source, defaulting to GND
    Warning (12110): Net "R_FMTIN_9_16[2]" is missing source, defaulting to GND
    Warning (12110): Net "R_FMTIN_9_16[1]" is missing source, defaulting to GND
    Warning (12110): Net "R_FMTIN_9_16[0]" is missing source, defaulting to GND
    Warning (12110): Net "R_FMTIN_17_24[15]" is missing source, defaulting to GND
    Warning (12110): Net "R_FMTIN_17_24[14]" is missing source, defaulting to GND
    Warning (12110): Net "R_FMTIN_17_24[13]" is missing source, defaulting to GND
    Warning (12110): Net "R_FMTIN_17_24[12]" is missing source, defaulting to GND
    Warning (12110): Net "R_FMTIN_17_24[11]" is missing source, defaulting to GND
    Warning (12110): Net "R_FMTIN_17_24[10]" is missing source, defaulting to GND
    Warning (12110): Net "R_FMTIN_17_24[9]" is missing source, defaulting to GND
    Warning (12110): Net "R_FMTIN_17_24[8]" is missing source, defaulting to GND
    Warning (12110): Net "R_FMTIN_17_24[7]" is missing source, defaulting to GND
    Warning (12110): Net "R_FMTIN_17_24[6]" is missing source, defaulting to GND
    Warning (12110): Net "R_FMTIN_17_24[5]" is missing source, defaulting to GND
    Warning (12110): Net "R_FMTIN_17_24[4]" is missing source, defaulting to GND
    Warning (12110): Net "R_FMTIN_17_24[3]" is missing source, defaulting to GND
    Warning (12110): Net "R_FMTIN_17_24[2]" is missing source, defaulting to GND
    Warning (12110): Net "R_FMTIN_17_24[1]" is missing source, defaulting to GND
    Warning (12110): Net "R_FMTIN_17_24[0]" is missing source, defaulting to GND
    Warning (12110): Net "R_FMTIN_25_32[15]" is missing source, defaulting to GND
    Warning (12110): Net "R_FMTIN_25_32[14]" is missing source, defaulting to GND
    Warning (12110): Net "R_FMTIN_25_32[13]" is missing source, defaulting to GND
    Warning (12110): Net "R_FMTIN_25_32[12]" is missing source, defaulting to GND
    Warning (12110): Net "R_FMTIN_25_32[11]" is missing source, defaulting to GND
    Warning (12110): Net "R_FMTIN_25_32[10]" is missing source, defaulting to GND
    Warning (12110): Net "R_FMTIN_25_32[9]" is missing source, defaulting to GND
    Warning (12110): Net "R_FMTIN_25_32[8]" is missing source, defaulting to GND
    Warning (12110): Net "R_FMTIN_25_32[7]" is missing source, defaulting to GND
    Warning (12110): Net "R_FMTIN_25_32[6]" is missing source, defaulting to GND
    Warning (12110): Net "R_FMTIN_25_32[5]" is missing source, defaulting to GND
    Warning (12110): Net "R_FMTIN_25_32[4]" is missing source, defaulting to GND
    Warning (12110): Net "R_FMTIN_25_32[3]" is missing source, defaulting to GND
    Warning (12110): Net "R_FMTIN_25_32[2]" is missing source, defaulting to GND
    Warning (12110): Net "R_FMTIN_25_32[1]" is missing source, defaulting to GND
    Warning (12110): Net "R_FMTIN_25_32[0]" is missing source, defaulting to GND
Warning: Net is missing source, defaulting to GND
    Warning (12110): Net "muxa0" is missing source, defaulting to GND
    Warning (12110): Net "muxa1" is missing source, defaulting to GND
    Warning (12110): Net "muxa2" is missing source, defaulting to GND
    Warning (12110): Net "R_FMTIN_1_8[15]" is missing source, defaulting to GND
    Warning (12110): Net "R_FMTIN_1_8[14]" is missing source, defaulting to GND
    Warning (12110): Net "R_FMTIN_1_8[13]" is missing source, defaulting to GND
    Warning (12110): Net "R_FMTIN_1_8[12]" is missing source, defaulting to GND
    Warning (12110): Net "R_FMTIN_1_8[11]" is missing source, defaulting to GND
    Warning (12110): Net "R_FMTIN_1_8[10]" is missing source, defaulting to GND
    Warning (12110): Net "R_FMTIN_1_8[9]" is missing source, defaulting to GND
    Warning (12110): Net "R_FMTIN_1_8[8]" is missing source, defaulting to GND
    Warning (12110): Net "R_FMTIN_1_8[7]" is missing source, defaulting to GND
    Warning (12110): Net "R_FMTIN_1_8[6]" is missing source, defaulting to GND
    Warning (12110): Net "R_FMTIN_1_8[5]" is missing source, defaulting to GND
    Warning (12110): Net "R_FMTIN_1_8[4]" is missing source, defaulting to GND
    Warning (12110): Net "R_FMTIN_1_8[3]" is missing source, defaulting to GND
    Warning (12110): Net "R_FMTIN_1_8[2]" is missing source, defaulting to GND
    Warning (12110): Net "R_FMTIN_1_8[1]" is missing source, defaulting to GND
    Warning (12110): Net "R_FMTIN_1_8[0]" is missing source, defaulting to GND
    Warning (12110): Net "R_FMTIN_9_16[15]" is missing source, defaulting to GND
    Warning (12110): Net "R_FMTIN_9_16[14]" is missing source, defaulting to GND
    Warning (12110): Net "R_FMTIN_9_16[13]" is missing source, defaulting to GND
    Warning (12110): Net "R_FMTIN_9_16[12]" is missing source, defaulting to GND
    Warning (12110): Net "R_FMTIN_9_16[11]" is missing source, defaulting to GND
    Warning (12110): Net "R_FMTIN_9_16[10]" is missing source, defaulting to GND
    Warning (12110): Net "R_FMTIN_9_16[9]" is missing source, defaulting to GND
    Warning (12110): Net "R_FMTIN_9_16[8]" is missing source, defaulting to GND
    Warning (12110): Net "R_FMTIN_9_16[7]" is missing source, defaulting to GND
    Warning (12110): Net "R_FMTIN_9_16[6]" is missing source, defaulting to GND
    Warning (12110): Net "R_FMTIN_9_16[5]" is missing source, defaulting to GND
    Warning (12110): Net "R_FMTIN_9_16[4]" is missing source, defaulting to GND
    Warning (12110): Net "R_FMTIN_9_16[3]" is missing source, defaulting to GND
    Warning (12110): Net "R_FMTIN_9_16[2]" is missing source, defaulting to GND
    Warning (12110): Net "R_FMTIN_9_16[1]" is missing source, defaulting to GND
    Warning (12110): Net "R_FMTIN_9_16[0]" is missing source, defaulting to GND
    Warning (12110): Net "R_FMTIN_17_24[15]" is missing source, defaulting to GND
    Warning (12110): Net "R_FMTIN_17_24[14]" is missing source, defaulting to GND
    Warning (12110): Net "R_FMTIN_17_24[13]" is missing source, defaulting to GND
    Warning (12110): Net "R_FMTIN_17_24[12]" is missing source, defaulting to GND
    Warning (12110): Net "R_FMTIN_17_24[11]" is missing source, defaulting to GND
    Warning (12110): Net "R_FMTIN_17_24[10]" is missing source, defaulting to GND
    Warning (12110): Net "R_FMTIN_17_24[9]" is missing source, defaulting to GND
    Warning (12110): Net "R_FMTIN_17_24[8]" is missing source, defaulting to GND
    Warning (12110): Net "R_FMTIN_17_24[7]" is missing source, defaulting to GND
    Warning (12110): Net "R_FMTIN_17_24[6]" is missing source, defaulting to GND
    Warning (12110): Net "R_FMTIN_17_24[5]" is missing source, defaulting to GND
    Warning (12110): Net "R_FMTIN_17_24[4]" is missing source, defaulting to GND
    Warning (12110): Net "R_FMTIN_17_24[3]" is missing source, defaulting to GND
    Warning (12110): Net "R_FMTIN_17_24[2]" is missing source, defaulting to GND
    Warning (12110): Net "R_FMTIN_17_24[1]" is missing source, defaulting to GND
    Warning (12110): Net "R_FMTIN_17_24[0]" is missing source, defaulting to GND
    Warning (12110): Net "R_FMTIN_25_32[15]" is missing source, defaulting to GND
    Warning (12110): Net "R_FMTIN_25_32[14]" is missing source, defaulting to GND
    Warning (12110): Net "R_FMTIN_25_32[13]" is missing source, defaulting to GND
    Warning (12110): Net "R_FMTIN_25_32[12]" is missing source, defaulting to GND
    Warning (12110): Net "R_FMTIN_25_32[11]" is missing source, defaulting to GND
    Warning (12110): Net "R_FMTIN_25_32[10]" is missing source, defaulting to GND
    Warning (12110): Net "R_FMTIN_25_32[9]" is missing source, defaulting to GND
    Warning (12110): Net "R_FMTIN_25_32[8]" is missing source, defaulting to GND
    Warning (12110): Net "R_FMTIN_25_32[7]" is missing source, defaulting to GND
    Warning (12110): Net "R_FMTIN_25_32[6]" is missing source, defaulting to GND
    Warning (12110): Net "R_FMTIN_25_32[5]" is missing source, defaulting to GND
    Warning (12110): Net "R_FMTIN_25_32[4]" is missing source, defaulting to GND
    Warning (12110): Net "R_FMTIN_25_32[3]" is missing source, defaulting to GND
    Warning (12110): Net "R_FMTIN_25_32[2]" is missing source, defaulting to GND
    Warning (12110): Net "R_FMTIN_25_32[1]" is missing source, defaulting to GND
    Warning (12110): Net "R_FMTIN_25_32[0]" is missing source, defaulting to GND
Warning: 2 hierarchies have connectivity warnings - see the Connectivity Checks report folder
Info: Generated suppressed messages file C:/Altera_PRJ/EA4163/EA4163.map.smsg
Info: Quartus II Analysis & Elaboration was successful. 0 errors, 177 warnings
    Info: Peak virtual memory: 220 megabytes
    Info: Processing ended: Sat Nov 21 01:36:54 2020
    Info: Elapsed time: 00:00:01
    Info: Total CPU time (on all processors): 00:00:01


+--------------------------------------------+
; Analysis & Elaboration Suppressed Messages ;
+--------------------------------------------+
The suppressed messages can be found in C:/Altera_PRJ/EA4163/EA4163.map.smsg.


